// Jest Snapshot v1, https://goo.gl/fbAQLP

exports[`RestaurantListItem renders correctly 1`] = `
<View
  style={
    Object {
      "borderBottomColor": "#DDD",
      "borderBottomWidth": 1,
      "flexDirection": "row",
      "justifyContent": "space-between",
      "paddingHorizontal": 10,
      "paddingVertical": 20,
    }
  }
>
  <Text>
    title
  </Text>
  <View
    accessible={true}
    focusable={true}
    onBlur={[Function]}
    onClick={[Function]}
    onFocus={[Function]}
    onResponderGrant={[Function]}
    onResponderMove={[Function]}
    onResponderRelease={[Function]}
    onResponderTerminate={[Function]}
    onResponderTerminationRequest={[Function]}
    onStartShouldSetResponder={[Function]}
  >
    <Text
      style={
        Object {
          "color": "#0000EE",
        }
      }
    >
      Open Link
    </Text>
  </View>
</View>
`;
